
[1m[46m RUN [49m[22m [36mv4.0.10 [39m[90mC:/Users/clean/Desktop/VPAT_Creation/vpat-creator[39m

 [31mΓ¥»[39m src/tests/user-workflows.test.tsx [2m([22m[2m3 tests[22m[2m | [22m[31m3 failed[39m[2m)[22m[33m 3174[2mms[22m[39m
[31m     [31m├ù[31m Auditor (Alice) performs a full audit workflow[39m[33m 1124[2mms[22m[39m
[31m     [31m├ù[31m Developer (Bob) fixes a bug and updates result[39m[33m 1020[2mms[22m[39m
[31m     [31m├ù[31m Manager (Charlie) exports results[39m[33m 1025[2mms[22m[39m
node.exe : 
At C:\Program Files\nodejs\npx.ps1:29 
char:3
+   & $NODE_EXE $NPX_CLI_JS $args
+   ~~~~~~~~~~~~~~~~~~~~~~~~~~~~~
    + CategoryInfo          : NotSpecifie 
   d: (:String) [], RemoteException
    + FullyQualifiedErrorId : NativeComma 
   ndError
 
[31mΓÄ»ΓÄ»ΓÄ»ΓÄ»ΓÄ»ΓÄ»ΓÄ»[39m[1m[41m 
Failed Tests 3 
[49m[22m[31mΓÄ»ΓÄ»ΓÄ»ΓÄ»ΓÄ»ΓÄ»ΓÄ»[39m

[41m[1m FAIL [22m[49m 
src/tests/user-workflows.test.tsx[2m > 
[22mUser Workflows[2m > [22mAuditor 
(Alice) performs a full audit workflow
[31m[1mTestingLibraryElementError[22m[
39m: Unable to find an element with the 
text: /Testing as:/i. This could be 
because the text is broken up by multiple 
elements. In this case, you can provide a 
function for your text matcher to make 
your matcher more flexible.

Ignored nodes: comments, script, style
[36m<body>[39m
  [36m<div>[39m
    [36m<div[39m
      [33mclass[39m=[32m"scope-config-c
ontainer"[39m
    [36m>[39m
      [36m<div[39m
        [33mclass[39m=[32m"scope-config
-content"[39m
      [36m>[39m
        [36m<header[39m
          
[33mclass[39m=[32m"scope-header"[39m
        [36m>[39m
          [36m<h1>[39m
            [0mConfigure Audit Scope[0m
          [36m</h1>[39m
          [36m<p>[39m
            [0mDefine what you'll be 
testing and the standards to check 
against[0m
          [36m</p>[39m
        [36m</header>[39m
        [36m<div[39m
          
[33mclass[39m=[32m"scope-form"[39m
        [36m>[39m
          [36m<section[39m
            
[33mclass[39m=[32m"scope-section"[39m
          [36m>[39m
            [36m<h2>[39m
              [0mPage/Component 
Information[0m
            [36m</h2>[39m
            [36m<div[39m
              
[33mclass[39m=[32m"input-wrapper 
input-wrapper--full-width"[39m
            [36m>[39m
              [36m<label[39m
                
[33mclass[39m=[32m"input-label"[39m
                
[33mfor[39m=[32m"_r_0_"[39m
              [36m>[39m
                [0mPage or Component 
Name[0m
                [36m<span[39m
                  
[33maria-label[39m=[32m"required"[39m
                  [33mclass[39m=[32m"in
put-label__required"[39m
                [36m>[39m
                  [0m*[0m
                [36m</span>[39m
              [36m</label>[39m
              [36m<div[39m
                [33mclass[39m=[32m"inpu
t-container"[39m
              [36m>[39m
                [36m<input[39m
                  [33maria-describedby[3
9m=[32m"_r_0_-helper"[39m
                  
[33maria-invalid[39m=[32m"false"[39m
                  
[33mclass[39m=[32m"input"[39m
                  
[33mid[39m=[32m"_r_0_"[39m
                  
[33mplaceholder[39m=[32m"e.g., Home 
Page, Login Form, Shopping Cart"[39m
                  
[33mrequired[39m=[32m""[39m
                  
[33mvalue[39m=[32m""[39m
                [36m/>[39m
              [36m</div>[39m
              [36m<span[39m
                [33mclass[39m=[32m"inpu
t-helper-text"[39m
                
[33mid[39m=[32m"_r_0_-helper"[39m
              [36m>[39m
                [0mEnter a descriptive 
name for what you're testing[0m
              [36m</span>[39m
            [36m</div>[39m
            [36m<div[39m
              
[33mclass[39m=[32m"input-wrapper 
input-wrapper--full-width"[39m
            [36m>[39m
              [36m<label[39m
                
[33mclass[39m=[32m"input-label"[39m
                
[33mfor[39m=[32m"_r_1_"[39m
              [36m>[39m
                [0mPage URL 
(optional)[0m
              [36m</label>[39m
              [36m<div[39m
                [33mclass[39m=[32m"inpu
t-container"[39m
              [36m>[39m
                [36m<input[39m
                  [33maria-describedby[3
9m=[32m"_r_1_-helper"[39m
                  
[33maria-invalid[39m=[32m"false"[39m
                  
[33mclass[39m=[32m"input"[39m
                  
[33mid[39m=[32m"_r_1_"[39m
                  [33mplaceholder[39m=[
32m"https://example.com/page"[39m
                  
[33mvalue[39m=[32m""[39m
                [36m/>[39m
              [36m</div>[39m
              [36m<span[39m
                [33mclass[39m=[32m"inpu
t-helper-text"[39m
                
[33mid[39m=[32m"_r_1_-helper"[39m
              [36m>[39m
                [0mInclude the URL if 
testing a specific page[0m
              [36m</span>[39m
            [36m</div>[39m
          [36m</section>[39m
          [36m<section[39m
            
[33mclass[39m=[32m"scope-section"[39m
          [36m>[39m
            [36m<h2>[39m
              [0mWCAG Standard[0m
            [36m</h2>[39m
            [36m<div[39m
              
[33maria-label[39m=[32m"WCAG Standard 
Version"[39m
              
[33mclass[39m=[32m"radio-group"[39m
              
[33mrole[39m=[32m"radiogroup"[39m
            [36m>[39m
              [36m<label[39m
                
[33mclass[39m=[32m"radio-option "[39m
              [36m>[39m
                [36m<input[39m
                  
[33maria-label[39m=[32m"WCAG 2.1"[39m
                  
[33mname[39m=[32m"wcag-version"[39m
                  
[33mtype[39m=[32m"radio"[39m
                  
[33mvalue[39m=[32m"2.1"[39m
                [36m/>[39m
                [36m<div[39m
                  
[33mclass[39m=[32m"radio-content"[39m
                [36m>[39m
                  [36m<strong>[39m
                    [0mWCAG 2.1[0m
                  [36m</strong>[39m
                  [36m<span[39m
                    [33mclass[39m=[32m"
radio-description"[39m
                  [36m>[39m
                    [0mW3C 
Recommendation (June 2018) - Includes 
mobile, low vision, and cognitive 
improvements[0m
                  [36m</span>[39m
                [36m</div>[39m
              [36m</label>[39m
              [36m<label[39m
                
[33mclass[39m=[32m"radio-option 
selected"[39m
              [36m>[39m
                [36m<input[39m
                  
[33maria-label[39m=[32m"WCAG 2.2"[39m
                  
[33mchecked[39m=[32m""[39m
                  
[33mname[39m=[32m"wcag-version"[39m
                  
[33mtype[39m=[32m"radio"[39m
                  
[33mvalue[39m=[32m"2.2"[39m
                [36m/>[39m
                [36m<div[39m
                  
[33mclass[39m=[32m"radio-content"[39m
                [36m>[39m
                  [36m<strong>[39m
                    [0mWCAG 2.2[0m
                  [36m</strong>[39m
                  [36m<span[39m
                    [33mclass[39m=[32m"
radio-description"[39m
                  [36m>[39m
                    [0mW3C 
Recommendation (October 2023) - Latest 
version with additional success 
criteria[0m
                  [36m</span>[39m
                [36m</div>[39m
              [36m</label>[39m
            [36m</div>[39m
          [36m</section>[39m
          [36m<section[39m
            
[33mclass[39m=[32m"scope-section"[39m
          [36m>[39m
            [36m<h2>[39m
              [0mConformance Levels[0m
            [36m</h2>[39m
            [36m<p[39m
              [33mclass[39m=[32m"sectio
n-description"[39m
            [36m>[39m
              [0mSelect which levels to 
test. Higher levels include all lower 
level requirements.[0m
            [36m</p>[39m
            [36m<div[39m
              
[33mclass[39m=[32m"checkbox-group"[39m
            [36m>[39m
              [36m<div[39m
                [33mclass[39m=[32m"chec
kbox-wrapper"[39m
              [36m>[39m
                [36m<div[39m
                  [33mclass[39m=[32m"ch
eckbox-container"[39m
                [36m>[39m
                  [36m<...

Ignored nodes: comments, script, style
[36m<html>[39m
  [36m<head />[39m
  [36m<body>[39m
    [36m<div>[39m
      [36m<div[39m
        [33mclass[39m=[32m"scope-config
-container"[39m
      [36m>[39m
        [36m<div[39m
          [33mclass[39m=[32m"scope-conf
ig-content"[39m
        [36m>[39m
          [36m<header[39m
            
[33mclass[39m=[32m"scope-header"[39m
          [36m>[39m
            [36m<h1>[39m
              [0mConfigure Audit 
Scope[0m
            [36m</h1>[39m
            [36m<p>[39m
              [0mDefine what you'll be 
testing and the standards to check 
against[0m
            [36m</p>[39m
          [36m</header>[39m
          [36m<div[39m
            
[33mclass[39m=[32m"scope-form"[39m
          [36m>[39m
            [36m<section[39m
              
[33mclass[39m=[32m"scope-section"[39m
            [36m>[39m
              [36m<h2>[39m
                [0mPage/Component 
Information[0m
              [36m</h2>[39m
              [36m<div[39m
                
[33mclass[39m=[32m"input-wrapper 
input-wrapper--full-width"[39m
              [36m>[39m
                [36m<label[39m
                  
[33mclass[39m=[32m"input-label"[39m
                  
[33mfor[39m=[32m"_r_0_"[39m
                [36m>[39m
                  [0mPage or Component 
Name[0m
                  [36m<span[39m
                    
[33maria-label[39m=[32m"required"[39m
                    [33mclass[39m=[32m"
input-label__required"[39m
                  [36m>[39m
                    [0m*[0m
                  [36m</span>[39m
                [36m</label>[39m
                [36m<div[39m
                  [33mclass[39m=[32m"in
put-container"[39m
                [36m>[39m
                  [36m<input[39m
                    [33maria-describedby
[39m=[32m"_r_0_-helper"[39m
                    
[33maria-invalid[39m=[32m"false"[39m
                    
[33mclass[39m=[32m"input"[39m
                    
[33mid[39m=[32m"_r_0_"[39m
                    
[33mplaceholder[39m=[32m"e.g., Home 
Page, Login Form, Shopping Cart"[39m
                    
[33mrequired[39m=[32m""[39m
                    
[33mvalue[39m=[32m""[39m
                  [36m/>[39m
                [36m</div>[39m
                [36m<span[39m
                  [33mclass[39m=[32m"in
put-helper-text"[39m
                  
[33mid[39m=[32m"_r_0_-helper"[39m
                [36m>[39m
                  [0mEnter a descriptive 
name for what you're testing[0m
                [36m</span>[39m
              [36m</div>[39m
              [36m<div[39m
                
[33mclass[39m=[32m"input-wrapper 
input-wrapper--full-width"[39m
              [36m>[39m
                [36m<label[39m
                  
[33mclass[39m=[32m"input-label"[39m
                  
[33mfor[39m=[32m"_r_1_"[39m
                [36m>[39m
                  [0mPage URL 
(optional)[0m
                [36m</label>[39m
                [36m<div[39m
                  [33mclass[39m=[32m"in
put-container"[39m
                [36m>[39m
                  [36m<input[39m
                    [33maria-describedby
[39m=[32m"_r_1_-helper"[39m
                    
[33maria-invalid[39m=[32m"false"[39m
                    
[33mclass[39m=[32m"input"[39m
                    
[33mid[39m=[32m"_r_1_"[39m
                    [33mplaceholder[39m=
[32m"https://example.com/page"[39m
                    
[33mvalue[39m=[32m""[39m
                  [36m/>[39m
                [36m</div>[39m
                [36m<span[39m
                  [33mclass[39m=[32m"in
put-helper-text"[39m
                  
[33mid[39m=[32m"_r_1_-helper"[39m
                [36m>[39m
                  [0mInclude the URL if 
testing a specific page[0m
                [36m</span>[39m
              [36m</div>[39m
            [36m</section>[39m
            [36m<section[39m
              
[33mclass[39m=[32m"scope-section"[39m
            [36m>[39m
              [36m<h2>[39m
                [0mWCAG Standard[0m
              [36m</h2>[39m
              [36m<div[39m
                
[33maria-label[39m=[32m"WCAG Standard 
Version"[39m
                
[33mclass[39m=[32m"radio-group"[39m
                
[33mrole[39m=[32m"radiogroup"[39m
              [36m>[39m
                [36m<label[39m
                  
[33mclass[39m=[32m"radio-option "[39m
                [36m>[39m
                  [36m<input[39m
                    
[33maria-label[39m=[32m"WCAG 2.1"[39m
                    
[33mname[39m=[32m"wcag-version"[39m
                    
[33mtype[39m=[32m"radio"[39m
                    
[33mvalue[39m=[32m"2.1"[39m
                  [36m/>[39m
                  [36m<div[39m
                    
[33mclass[39m=[32m"radio-content"[39m
                  [36m>[39m
                    [36m<strong>[39m
                      [0mWCAG 2.1[0m
                    [36m</strong>[39m
                    [36m<span[39m
                      [33mclass[39m=[32
m"radio-description"[39m
                    [36m>[39m
                      [0mW3C 
Recommendation (June 2018) - Includes 
mobile, low vision, and cognitive 
improvements[0m
                    [36m</span>[39m
                  [36m</div>[39m
                [36m</label>[39m
                [36m<label[39m
                  
[33mclass[39m=[32m"radio-option 
selected"[39m
                [36m>[39m
                  [36m<input[39m
                    
[33maria-label[39m=[32m"WCAG 2.2"[39m
                    
[33mchecked[39m=[32m""[39m
                    
[33mname[39m=[32m"wcag-version"[39m
                    
[33mtype[39m=[32m"radio"[39m
                    
[33mvalue[39m=[32m"2.2"[39m
                  [36m/>[39m
                  [36m<div[39m
                    
[33mclass[39m=[32m"radio-content"[39m
                  [36m>[39m
                    [36m<strong>[39m
                      [0mWCAG 2.2[0m
                    [36m</strong>[39m
                    [36m<span[39m
                      [33mclass[39m=[32
m"radio-description"[39m
                    [36m>[39m
                      [0mW3C 
Recommendation (October 2023) - Latest 
version with additional success 
criteria[0m
                    [36m</span>[39m
                  [36m</div>[39m
                [36m</label>[39m
              [36m</div>[39m
            [36m</section>[39m
            [36m<section[39m
              
[33mclass[39m=[32m"scope-section"[39m
            [36m>[39m
              [36m<h2>[39m
                [0mConformance Levels[0m
              [36m</h2>[39m
              [36m<p[39m
                [33mclass[39m=[32m"sect
ion-description"[39m
              [36m>[39m
                [0mSelect which levels 
to test. Higher levels include all lower 
level requirements.[0m
              [36m</p>[39m
              ...
[90m [2mΓ¥»[22m Proxy.waitForWrapper no
de_modules/@testing-library/dom/dist/wait-
for.js:[2m163:27[22m[39m
[36m [2mΓ¥»[22m src/tests/user-workflow
s.test.tsx:[2m81:11[22m[39m
    [90m 79| [39m
    [90m 80| [39m    [90m// 1. Verify 
Alice is logged in[39m
    [90m 81| [39m    [35mawait[39m 
[34mwaitFor[39m(() [33m=>[39m {
    [90m   | [39m          [31m^[39m
    [90m 82| [39m      [34mexpect[39m(
screen[33m.[39m[34mgetByText[39m([36m
/Testing as:/i[39m))[33m.[39m[34mtoBeI
nTheDocument[39m()[33m;[39m
    [90m 83| [39m    })[33m;[39m

[31m[2mΓÄ»ΓÄ»ΓÄ»ΓÄ»ΓÄ»ΓÄ»ΓÄ»ΓÄ»ΓÄ»ΓÄ»ΓÄ»
ΓÄ»ΓÄ»ΓÄ»ΓÄ»ΓÄ»ΓÄ»ΓÄ»ΓÄ»ΓÄ»ΓÄ»ΓÄ»ΓÄ»ΓÄ»[1/
3]ΓÄ»[22m[39m

[41m[1m FAIL [22m[49m 
src/tests/user-workflows.test.tsx[2m > 
[22mUser Workflows[2m > [22mDeveloper 
(Bob) fixes a bug and updates result
[31m[1mTestingLibraryElementError[22m[
39m: Unable to find role="combobox"

Ignored nodes: comments, script, style
[36m<body>[39m
  [36m<div>[39m
    [36m<div[39m
      [33mclass[39m=[32m"scope-config-c
ontainer"[39m
    [36m>[39m
      [36m<div[39m
        [33mclass[39m=[32m"scope-config
-content"[39m
      [36m>[39m
        [36m<header[39m
          
[33mclass[39m=[32m"scope-header"[39m
        [36m>[39m
          [36m<h1>[39m
            [0mConfigure Audit Scope[0m
          [36m</h1>[39m
          [36m<p>[39m
            [0mDefine what you'll be 
testing and the standards to check 
against[0m
          [36m</p>[39m
        [36m</header>[39m
        [36m<div[39m
          
[33mclass[39m=[32m"scope-form"[39m
        [36m>[39m
          [36m<section[39m
            
[33mclass[39m=[32m"scope-section"[39m
          [36m>[39m
            [36m<h2>[39m
              [0mPage/Component 
Information[0m
            [36m</h2>[39m
            [36m<div[39m
              
[33mclass[39m=[32m"input-wrapper 
input-wrapper--full-width"[39m
            [36m>[39m
              [36m<label[39m
                
[33mclass[39m=[32m"input-label"[39m
                
[33mfor[39m=[32m"_r_a_"[39m
              [36m>[39m
                [0mPage or Component 
Name[0m
                [36m<span[39m
                  
[33maria-label[39m=[32m"required"[39m
                  [33mclass[39m=[32m"in
put-label__required"[39m
                [36m>[39m
                  [0m*[0m
                [36m</span>[39m
              [36m</label>[39m
              [36m<div[39m
                [33mclass[39m=[32m"inpu
t-container"[39m
              [36m>[39m
                [36m<input[39m
                  [33maria-describedby[3
9m=[32m"_r_a_-helper"[39m
                  
[33maria-invalid[39m=[32m"false"[39m
                  
[33mclass[39m=[32m"input"[39m
                  
[33mid[39m=[32m"_r_a_"[39m
                  
[33mplaceholder[39m=[32m"e.g., Home 
Page, Login Form, Shopping Cart"[39m
                  
[33mrequired[39m=[32m""[39m
                  
[33mvalue[39m=[32m""[39m
                [36m/>[39m
              [36m</div>[39m
              [36m<span[39m
                [33mclass[39m=[32m"inpu
t-helper-text"[39m
                
[33mid[39m=[32m"_r_a_-helper"[39m
              [36m>[39m
                [0mEnter a descriptive 
name for what you're testing[0m
              [36m</span>[39m
            [36m</div>[39m
            [36m<div[39m
              
[33mclass[39m=[32m"input-wrapper 
input-wrapper--full-width"[39m
            [36m>[39m
              [36m<label[39m
                
[33mclass[39m=[32m"input-label"[39m
                
[33mfor[39m=[32m"_r_b_"[39m
              [36m>[39m
                [0mPage URL 
(optional)[0m
              [36m</label>[39m
              [36m<div[39m
                [33mclass[39m=[32m"inpu
t-container"[39m
              [36m>[39m
                [36m<input[39m
                  [33maria-describedby[3
9m=[32m"_r_b_-helper"[39m
                  
[33maria-invalid[39m=[32m"false"[39m
                  
[33mclass[39m=[32m"input"[39m
                  
[33mid[39m=[32m"_r_b_"[39m
                  [33mplaceholder[39m=[
32m"https://example.com/page"[39m
                  
[33mvalue[39m=[32m""[39m
                [36m/>[39m
              [36m</div>[39m
              [36m<span[39m
                [33mclass[39m=[32m"inpu
t-helper-text"[39m
                
[33mid[39m=[32m"_r_b_-helper"[39m
              [36m>[39m
                [0mInclude the URL if 
testing a specific page[0m
              [36m</span>[39m
            [36m</div>[39m
          [36m</section>[39m
          [36m<section[39m
            
[33mclass[39m=[32m"scope-section"[39m
          [36m>[39m
            [36m<h2>[39m
              [0mWCAG Standard[0m
            [36m</h2>[39m
            [36m<div[39m
              
[33maria-label[39m=[32m"WCAG Standard 
Version"[39m
              
[33mclass[39m=[32m"radio-group"[39m
              
[33mrole[39m=[32m"radiogroup"[39m
            [36m>[39m
              [36m<label[39m
                
[33mclass[39m=[32m"radio-option "[39m
              [36m>[39m
                [36m<input[39m
                  
[33maria-label[39m=[32m"WCAG 2.1"[39m
                  
[33mname[39m=[32m"wcag-version"[39m
                  
[33mtype[39m=[32m"radio"[39m
                  
[33mvalue[39m=[32m"2.1"[39m
                [36m/>[39m
                [36m<div[39m
                  
[33mclass[39m=[32m"radio-content"[39m
                [36m>[39m
                  [36m<strong>[39m
                    [0mWCAG 2.1[0m
                  [36m</strong>[39m
                  [36m<span[39m
                    [33mclass[39m=[32m"
radio-description"[39m
                  [36m>[39m
                    [0mW3C 
Recommendation (June 2018) - Includes 
mobile, low vision, and cognitive 
improvements[0m
                  [36m</span>[39m
                [36m</div>[39m
              [36m</label>[39m
              [36m<label[39m
                
[33mclass[39m=[32m"radio-option 
selected"[39m
              [36m>[39m
                [36m<input[39m
                  
[33maria-label[39m=[32m"WCAG 2.2"[39m
                  
[33mchecked[39m=[32m""[39m
                  
[33mname[39m=[32m"wcag-version"[39m
                  
[33mtype[39m=[32m"radio"[39m
                  
[33mvalue[39m=[32m"2.2"[39m
                [36m/>[39m
                [36m<div[39m
                  
[33mclass[39m=[32m"radio-content"[39m
                [36m>[39m
                  [36m<strong>[39m
                    [0mWCAG 2.2[0m
                  [36m</strong>[39m
                  [36m<span[39m
                    [33mclass[39m=[32m"
radio-description"[39m
                  [36m>[39m
                    [0mW3C 
Recommendation (October 2023) - Latest 
version with additional success 
criteria[0m
                  [36m</span>[39m
                [36m</div>[39m
              [36m</label>[39m
            [36m</div>[39m
          [36m</section>[39m
          [36m<section[39m
            
[33mclass[39m=[32m"scope-section"[39m
          [36m>[39m
            [36m<h2>[39m
              [0mConformance Levels[0m
            [36m</h2>[39m
            [36m<p[39m
              [33mclass[39m=[32m"sectio
n-description"[39m
            [36m>[39m
              [0mSelect which levels to 
test. Higher levels include all lower 
level requirements.[0m
            [36m</p>[39m
            [36m<div[39m
              
[33mclass[39m=[32m"checkbox-group"[39m
            [36m>[39m
              [36m<div[39m
                [33mclass[39m=[32m"chec
kbox-wrapper"[39m
              [36m>[39m
                [36m<div[39m
                  [33mclass[39m=[32m"ch
eckbox-container"[39m
                [36m>[39m
                  [36m<...

Ignored nodes: comments, script, style
[36m<html>[39m
  [36m<head />[39m
  [36m<body>[39m
    [36m<div>[39m
      [36m<div[39m
        [33mclass[39m=[32m"scope-config
-container"[39m
      [36m>[39m
        [36m<div[39m
          [33mclass[39m=[32m"scope-conf
ig-content"[39m
        [36m>[39m
          [36m<header[39m
            
[33mclass[39m=[32m"scope-header"[39m
          [36m>[39m
            [36m<h1>[39m
              [0mConfigure Audit 
Scope[0m
            [36m</h1>[39m
            [36m<p>[39m
              [0mDefine what you'll be 
testing and the standards to check 
against[0m
            [36m</p>[39m
          [36m</header>[39m
          [36m<div[39m
            
[33mclass[39m=[32m"scope-form"[39m
          [36m>[39m
            [36m<section[39m
              
[33mclass[39m=[32m"scope-section"[39m
            [36m>[39m
              [36m<h2>[39m
                [0mPage/Component 
Information[0m
              [36m</h2>[39m
              [36m<div[39m
                
[33mclass[39m=[32m"input-wrapper 
input-wrapper--full-width"[39m
              [36m>[39m
                [36m<label[39m
                  
[33mclass[39m=[32m"input-label"[39m
                  
[33mfor[39m=[32m"_r_a_"[39m
                [36m>[39m
                  [0mPage or Component 
Name[0m
                  [36m<span[39m
                    
[33maria-label[39m=[32m"required"[39m
                    [33mclass[39m=[32m"
input-label__required"[39m
                  [36m>[39m
                    [0m*[0m
                  [36m</span>[39m
                [36m</label>[39m
                [36m<div[39m
                  [33mclass[39m=[32m"in
put-container"[39m
                [36m>[39m
                  [36m<input[39m
                    [33maria-describedby
[39m=[32m"_r_a_-helper"[39m
                    
[33maria-invalid[39m=[32m"false"[39m
                    
[33mclass[39m=[32m"input"[39m
                    
[33mid[39m=[32m"_r_a_"[39m
                    
[33mplaceholder[39m=[32m"e.g., Home 
Page, Login Form, Shopping Cart"[39m
                    
[33mrequired[39m=[32m""[39m
                    
[33mvalue[39m=[32m""[39m
                  [36m/>[39m
                [36m</div>[39m
                [36m<span[39m
                  [33mclass[39m=[32m"in
put-helper-text"[39m
                  
[33mid[39m=[32m"_r_a_-helper"[39m
                [36m>[39m
                  [0mEnter a descriptive 
name for what you're testing[0m
                [36m</span>[39m
              [36m</div>[39m
              [36m<div[39m
                
[33mclass[39m=[32m"input-wrapper 
input-wrapper--full-width"[39m
              [36m>[39m
                [36m<label[39m
                  
[33mclass[39m=[32m"input-label"[39m
                  
[33mfor[39m=[32m"_r_b_"[39m
                [36m>[39m
                  [0mPage URL 
(optional)[0m
                [36m</label>[39m
                [36m<div[39m
                  [33mclass[39m=[32m"in
put-container"[39m
                [36m>[39m
                  [36m<input[39m
                    [33maria-describedby
[39m=[32m"_r_b_-helper"[39m
                    
[33maria-invalid[39m=[32m"false"[39m
                    
[33mclass[39m=[32m"input"[39m
                    
[33mid[39m=[32m"_r_b_"[39m
                    [33mplaceholder[39m=
[32m"https://example.com/page"[39m
                    
[33mvalue[39m=[32m""[39m
                  [36m/>[39m
                [36m</div>[39m
                [36m<span[39m
                  [33mclass[39m=[32m"in
put-helper-text"[39m
                  
[33mid[39m=[32m"_r_b_-helper"[39m
                [36m>[39m
                  [0mInclude the URL if 
testing a specific page[0m
                [36m</span>[39m
              [36m</div>[39m
            [36m</section>[39m
            [36m<section[39m
              
[33mclass[39m=[32m"scope-section"[39m
            [36m>[39m
              [36m<h2>[39m
                [0mWCAG Standard[0m
              [36m</h2>[39m
              [36m<div[39m
                
[33maria-label[39m=[32m"WCAG Standard 
Version"[39m
                
[33mclass[39m=[32m"radio-group"[39m
                
[33mrole[39m=[32m"radiogroup"[39m
              [36m>[39m
                [36m<label[39m
                  
[33mclass[39m=[32m"radio-option "[39m
                [36m>[39m
                  [36m<input[39m
                    
[33maria-label[39m=[32m"WCAG 2.1"[39m
                    
[33mname[39m=[32m"wcag-version"[39m
                    
[33mtype[39m=[32m"radio"[39m
                    
[33mvalue[39m=[32m"2.1"[39m
                  [36m/>[39m
                  [36m<div[39m
                    
[33mclass[39m=[32m"radio-content"[39m
                  [36m>[39m
                    [36m<strong>[39m
                      [0mWCAG 2.1[0m
                    [36m</strong>[39m
                    [36m<span[39m
                      [33mclass[39m=[32
m"radio-description"[39m
                    [36m>[39m
                      [0mW3C 
Recommendation (June 2018) - Includes 
mobile, low vision, and cognitive 
improvements[0m
                    [36m</span>[39m
                  [36m</div>[39m
                [36m</label>[39m
                [36m<label[39m
                  
[33mclass[39m=[32m"radio-option 
selected"[39m
                [36m>[39m
                  [36m<input[39m
                    
[33maria-label[39m=[32m"WCAG 2.2"[39m
                    
[33mchecked[39m=[32m""[39m
                    
[33mname[39m=[32m"wcag-version"[39m
                    
[33mtype[39m=[32m"radio"[39m
                    
[33mvalue[39m=[32m"2.2"[39m
                  [36m/>[39m
                  [36m<div[39m
                    
[33mclass[39m=[32m"radio-content"[39m
                  [36m>[39m
                    [36m<strong>[39m
                      [0mWCAG 2.2[0m
                    [36m</strong>[39m
                    [36m<span[39m
                      [33mclass[39m=[32
m"radio-description"[39m
                    [36m>[39m
                      [0mW3C 
Recommendation (October 2023) - Latest 
version with additional success 
criteria[0m
                    [36m</span>[39m
                  [36m</div>[39m
                [36m</label>[39m
              [36m</div>[39m
            [36m</section>[39m
            [36m<section[39m
              
[33mclass[39m=[32m"scope-section"[39m
            [36m>[39m
              [36m<h2>[39m
                [0mConformance Levels[0m
              [36m</h2>[39m
              [36m<p[39m
                [33mclass[39m=[32m"sect
ion-description"[39m
              [36m>[39m
                [0mSelect which levels 
to test. Higher levels include all lower 
level requirements.[0m
              [36m</p>[39m
              ...
[90m [2mΓ¥»[22m Proxy.waitForWrapper no
de_modules/@testing-library/dom/dist/wait-
for.js:[2m163:27[22m[39m
[36m [2mΓ¥»[22m src/tests/user-workflow
s.test.tsx:[2m119:11[22m[39m
    [90m117| [39m
    [90m118| [39m    [90m// 1. Verify 
Bob is logged in[39m
    [90m119| [39m    [35mawait[39m 
[34mwaitFor[39m(() [33m=>[39m {
    [90m   | [39m          [31m^[39m
    [90m120| [39m      [35mconst[39m 
userSelect [33m=[39m screen[33m.[39m[
34mgetByRole[39m([32m'combobox'[39m)[3
3m;[39m
    [90m121| [39m      [34mexpect[39m(
userSelect)[33m.[39m[34mtoHaveValue[39
m([33mDEFAULT_USERS[39m[[34m1[39m][33
m.[39mid)[33m;[39m

[31m[2mΓÄ»ΓÄ»ΓÄ»ΓÄ»ΓÄ»ΓÄ»ΓÄ»ΓÄ»ΓÄ»ΓÄ»ΓÄ»
ΓÄ»ΓÄ»ΓÄ»ΓÄ»ΓÄ»ΓÄ»ΓÄ»ΓÄ»ΓÄ»ΓÄ»ΓÄ»ΓÄ»ΓÄ»[2/
3]ΓÄ»[22m[39m

[41m[1m FAIL [22m[49m 
src/tests/user-workflows.test.tsx[2m > 
[22mUser Workflows[2m > [22mManager 
(Charlie) exports results
[31m[1mTestingLibraryElementError[22m[
39m: Unable to find role="combobox" and 
name `/Select User/i`

Ignored nodes: comments, script, style
[36m<body>[39m
  [36m<div>[39m
    [36m<div[39m
      [33mclass[39m=[32m"scope-config-c
ontainer"[39m
    [36m>[39m
      [36m<div[39m
        [33mclass[39m=[32m"scope-config
-content"[39m
      [36m>[39m
        [36m<header[39m
          
[33mclass[39m=[32m"scope-header"[39m
        [36m>[39m
          [36m<h1>[39m
            [0mConfigure Audit Scope[0m
          [36m</h1>[39m
          [36m<p>[39m
            [0mDefine what you'll be 
testing and the standards to check 
against[0m
          [36m</p>[39m
        [36m</header>[39m
        [36m<div[39m
          
[33mclass[39m=[32m"scope-form"[39m
        [36m>[39m
          [36m<section[39m
            
[33mclass[39m=[32m"scope-section"[39m
          [36m>[39m
            [36m<h2>[39m
              [0mPage/Component 
Information[0m
            [36m</h2>[39m
            [36m<div[39m
              
[33mclass[39m=[32m"input-wrapper 
input-wrapper--full-width"[39m
            [36m>[39m
              [36m<label[39m
                
[33mclass[39m=[32m"input-label"[39m
                
[33mfor[39m=[32m"_r_k_"[39m
              [36m>[39m
                [0mPage or Component 
Name[0m
                [36m<span[39m
                  
[33maria-label[39m=[32m"required"[39m
                  [33mclass[39m=[32m"in
put-label__required"[39m
                [36m>[39m
                  [0m*[0m
                [36m</span>[39m
              [36m</label>[39m
              [36m<div[39m
                [33mclass[39m=[32m"inpu
t-container"[39m
              [36m>[39m
                [36m<input[39m
                  [33maria-describedby[3
9m=[32m"_r_k_-helper"[39m
                  
[33maria-invalid[39m=[32m"false"[39m
                  
[33mclass[39m=[32m"input"[39m
                  
[33mid[39m=[32m"_r_k_"[39m
                  
[33mplaceholder[39m=[32m"e.g., Home 
Page, Login Form, Shopping Cart"[39m
                  
[33mrequired[39m=[32m""[39m
                  
[33mvalue[39m=[32m""[39m
                [36m/>[39m
              [36m</div>[39m
              [36m<span[39m
                [33mclass[39m=[32m"inpu
t-helper-text"[39m
                
[33mid[39m=[32m"_r_k_-helper"[39m
              [36m>[39m
                [0mEnter a descriptive 
name for what you're testing[0m
              [36m</span>[39m
            [36m</div>[39m
            [36m<div[39m
              
[33mclass[39m=[32m"input-wrapper 
input-wrapper--full-width"[39m
            [36m>[39m
              [36m<label[39m
                
[33mclass[39m=[32m"input-label"[39m
                
[33mfor[39m=[32m"_r_l_"[39m
              [36m>[39m
                [0mPage URL 
(optional)[0m
              [36m</label>[39m
              [36m<div[39m
                [33mclass[39m=[32m"inpu
t-container"[39m
              [36m>[39m
                [36m<input[39m
                  [33maria-describedby[3
9m=[32m"_r_l_-helper"[39m
                  
[33maria-invalid[39m=[32m"false"[39m
                  
[33mclass[39m=[32m"input"[39m
                  
[33mid[39m=[32m"_r_l_"[39m
                  [33mplaceholder[39m=[
32m"https://example.com/page"[39m
                  
[33mvalue[39m=[32m""[39m
                [36m/>[39m
              [36m</div>[39m
              [36m<span[39m
                [33mclass[39m=[32m"inpu
t-helper-text"[39m
                
[33mid[39m=[32m"_r_l_-helper"[39m
              [36m>[39m
                [0mInclude the URL if 
testing a specific page[0m
              [36m</span>[39m
            [36m</div>[39m
          [36m</section>[39m
          [36m<section[39m
            
[33mclass[39m=[32m"scope-section"[39m
          [36m>[39m
            [36m<h2>[39m
              [0mWCAG Standard[0m
            [36m</h2>[39m
            [36m<div[39m
              
[33maria-label[39m=[32m"WCAG Standard 
Version"[39m
              
[33mclass[39m=[32m"radio-group"[39m
              
[33mrole[39m=[32m"radiogroup"[39m
            [36m>[39m
              [36m<label[39m
                
[33mclass[39m=[32m"radio-option "[39m
              [36m>[39m
                [36m<input[39m
                  
[33maria-label[39m=[32m"WCAG 2.1"[39m
                  
[33mname[39m=[32m"wcag-version"[39m
                  
[33mtype[39m=[32m"radio"[39m
                  
[33mvalue[39m=[32m"2.1"[39m
                [36m/>[39m
                [36m<div[39m
                  
[33mclass[39m=[32m"radio-content"[39m
                [36m>[39m
                  [36m<strong>[39m
                    [0mWCAG 2.1[0m
                  [36m</strong>[39m
                  [36m<span[39m
                    [33mclass[39m=[32m"
radio-description"[39m
                  [36m>[39m
                    [0mW3C 
Recommendation (June 2018) - Includes 
mobile, low vision, and cognitive 
improvements[0m
                  [36m</span>[39m
                [36m</div>[39m
              [36m</label>[39m
              [36m<label[39m
                
[33mclass[39m=[32m"radio-option 
selected"[39m
              [36m>[39m
                [36m<input[39m
                  
[33maria-label[39m=[32m"WCAG 2.2"[39m
                  
[33mchecked[39m=[32m""[39m
                  
[33mname[39m=[32m"wcag-version"[39m
                  
[33mtype[39m=[32m"radio"[39m
                  
[33mvalue[39m=[32m"2.2"[39m
                [36m/>[39m
                [36m<div[39m
                  
[33mclass[39m=[32m"radio-content"[39m
                [36m>[39m
                  [36m<strong>[39m
                    [0mWCAG 2.2[0m
                  [36m</strong>[39m
                  [36m<span[39m
                    [33mclass[39m=[32m"
radio-description"[39m
                  [36m>[39m
                    [0mW3C 
Recommendation (October 2023) - Latest 
version with additional success 
criteria[0m
                  [36m</span>[39m
                [36m</div>[39m
              [36m</label>[39m
            [36m</div>[39m
          [36m</section>[39m
          [36m<section[39m
            
[33mclass[39m=[32m"scope-section"[39m
          [36m>[39m
            [36m<h2>[39m
              [0mConformance Levels[0m
            [36m</h2>[39m
            [36m<p[39m
              [33mclass[39m=[32m"sectio
n-description"[39m
            [36m>[39m
              [0mSelect which levels to 
test. Higher levels include all lower 
level requirements.[0m
            [36m</p>[39m
            [36m<div[39m
              
[33mclass[39m=[32m"checkbox-group"[39m
            [36m>[39m
              [36m<div[39m
                [33mclass[39m=[32m"chec
kbox-wrapper"[39m
              [36m>[39m
                [36m<div[39m
                  [33mclass[39m=[32m"ch
eckbox-container"[39m
                [36m>[39m
                  [36m<...

Ignored nodes: comments, script, style
[36m<html>[39m
  [36m<head />[39m
  [36m<body>[39m
    [36m<div>[39m
      [36m<div[39m
        [33mclass[39m=[32m"scope-config
-container"[39m
      [36m>[39m
        [36m<div[39m
          [33mclass[39m=[32m"scope-conf
ig-content"[39m
        [36m>[39m
          [36m<header[39m
            
[33mclass[39m=[32m"scope-header"[39m
          [36m>[39m
            [36m<h1>[39m
              [0mConfigure Audit 
Scope[0m
            [36m</h1>[39m
            [36m<p>[39m
              [0mDefine what you'll be 
testing and the standards to check 
against[0m
            [36m</p>[39m
          [36m</header>[39m
          [36m<div[39m
            
[33mclass[39m=[32m"scope-form"[39m
          [36m>[39m
            [36m<section[39m
              
[33mclass[39m=[32m"scope-section"[39m
            [36m>[39m
              [36m<h2>[39m
                [0mPage/Component 
Information[0m
              [36m</h2>[39m
              [36m<div[39m
                
[33mclass[39m=[32m"input-wrapper 
input-wrapper--full-width"[39m
              [36m>[39m
                [36m<label[39m
                  
[33mclass[39m=[32m"input-label"[39m
                  
[33mfor[39m=[32m"_r_k_"[39m
                [36m>[39m
                  [0mPage or Component 
Name[0m
                  [36m<span[39m
                    
[33maria-label[39m=[32m"required"[39m
                    [33mclass[39m=[32m"
input-label__required"[39m
                  [36m>[39m
                    [0m*[0m
                  [36m</span>[39m
                [36m</label>[39m
                [36m<div[39m
                  [33mclass[39m=[32m"in
put-container"[39m
                [36m>[39m
                  [36m<input[39m
                    [33maria-describedby
[39m=[32m"_r_k_-helper"[39m
                    
[33maria-invalid[39m=[32m"false"[39m
                    
[33mclass[39m=[32m"input"[39m
                    
[33mid[39m=[32m"_r_k_"[39m
                    
[33mplaceholder[39m=[32m"e.g., Home 
Page, Login Form, Shopping Cart"[39m
                    
[33mrequired[39m=[32m""[39m
                    
[33mvalue[39m=[32m""[39m
                  [36m/>[39m
                [36m</div>[39m
                [36m<span[39m
                  [33mclass[39m=[32m"in
put-helper-text"[39m
                  
[33mid[39m=[32m"_r_k_-helper"[39m
                [36m>[39m
                  [0mEnter a descriptive 
name for what you're testing[0m
                [36m</span>[39m
              [36m</div>[39m
              [36m<div[39m
                
[33mclass[39m=[32m"input-wrapper 
input-wrapper--full-width"[39m
              [36m>[39m
                [36m<label[39m
                  
[33mclass[39m=[32m"input-label"[39m
                  
[33mfor[39m=[32m"_r_l_"[39m
                [36m>[39m
                  [0mPage URL 
(optional)[0m
                [36m</label>[39m
                [36m<div[39m
                  [33mclass[39m=[32m"in
put-container"[39m
                [36m>[39m
                  [36m<input[39m
                    [33maria-describedby
[39m=[32m"_r_l_-helper"[39m
                    
[33maria-invalid[39m=[32m"false"[39m
                    
[33mclass[39m=[32m"input"[39m
                    
[33mid[39m=[32m"_r_l_"[39m
                    [33mplaceholder[39m=
[32m"https://example.com/page"[39m
                    
[33mvalue[39m=[32m""[39m
                  [36m/>[39m
                [36m</div>[39m
                [36m<span[39m
                  [33mclass[39m=[32m"in
put-helper-text"[39m

                  
[33mid[39m=[32m"_r_l_-helper"[39m
                [36m>[39m
                  [0mInclude the URL if 
testing a specific page[0m
                [36m</span>[39m
              [36m</div>[39m
            [36m</section>[39m
            [36m<section[39m
              
[33mclass[39m=[32m"scope-section"[39m
            [36m>[39m
              [36m<h2>[39m
                [0mWCAG Standard[0m
              [36m</h2>[39m
              [36m<div[39m
                
[33maria-label[39m=[32m"WCAG Standard 
Version"[39m
                
[33mclass[39m=[32m"radio-group"[39m
                
[33mrole[39m=[32m"radiogroup"[39m
              [36m>[39m
                [36m<label[39m
                  
[33mclass[39m=[32m"radio-option "[39m
                [36m>[39m
                  [36m<input[39m
                    
[33maria-label[39m=[32m"WCAG 2.1"[39m
                    
[33mname[39m=[32m"wcag-version"[39m
                    
[33mtype[39m=[32m"radio"[39m
                    
[33mvalue[39m=[32m"2.1"[39m
                  [36m/>[39m
                  [36m<div[39m
                    
[33mclass[39m=[32m"radio-content"[39m
[2m Test Files [22m [1m[31m1 failed[39m[22m[90m (1)[39m
[2m      Tests [22m [1m[31m3 failed[39m[22m[90m (3)[39m
[2m   Start at [22m 19:23:10
[2m   Duration [22m 13.18s[2m (transform 3.44s, setup 957ms, collect 6.01s, tests 3.17s, environment 2.39s, prepare 30ms)[22m

                  [36m>[39m
                    [36m<strong>[39m
                      [0mWCAG 2.1[0m
                    [36m</strong>[39m
                    [36m<span[39m
                      [33mclass[39m=[32
m"radio-description"[39m
                    [36m>[39m
                      [0mW3C 
Recommendation (June 2018) - Includes 
mobile, low vision, and cognitive 
improvements[0m
                    [36m</span>[39m
                  [36m</div>[39m
                [36m</label>[39m
                [36m<label[39m
                  
[33mclass[39m=[32m"radio-option 
selected"[39m
                [36m>[39m
                  [36m<input[39m
                    
[33maria-label[39m=[32m"WCAG 2.2"[39m
                    
[33mchecked[39m=[32m""[39m
                    
[33mname[39m=[32m"wcag-version"[39m
                    
[33mtype[39m=[32m"radio"[39m
                    
[33mvalue[39m=[32m"2.2"[39m
                  [36m/>[39m
                  [36m<div[39m
                    
[33mclass[39m=[32m"radio-content"[39m
                  [36m>[39m
                    [36m<strong>[39m
                      [0mWCAG 2.2[0m
                    [36m</strong>[39m
                    [36m<span[39m
                      [33mclass[39m=[32
m"radio-description"[39m
                    [36m>[39m
                      [0mW3C 
Recommendation (October 2023) - Latest 
version with additional success 
criteria[0m
                    [36m</span>[39m
                  [36m</div>[39m
                [36m</label>[39m
              [36m</div>[39m
            [36m</section>[39m
            [36m<section[39m
              
[33mclass[39m=[32m"scope-section"[39m
            [36m>[39m
              [36m<h2>[39m
                [0mConformance Levels[0m
              [36m</h2>[39m
              [36m<p[39m
                [33mclass[39m=[32m"sect
ion-description"[39m
              [36m>[39m
                [0mSelect which levels 
to test. Higher levels include all lower 
level requirements.[0m
              [36m</p>[39m
              ...
[90m [2mΓ¥»[22m Proxy.waitForWrapper no
de_modules/@testing-library/dom/dist/wait-
for.js:[2m163:27[22m[39m
[36m [2mΓ¥»[22m src/tests/user-workflow
s.test.tsx:[2m159:11[22m[39m
    [90m157| [39m
    [90m158| [39m    [90m// 1. Verify 
Charlie is logged in[39m
    [90m159| [39m    [35mawait[39m 
[34mwaitFor[39m(() [33m=>[39m {
    [90m   | [39m          [31m^[39m
    [90m160| [39m      const userSelect 
= screen.getByRole('combobox', { name: 
/Select ΓÇª
    [90m161| [39m      screen[33m.[39m
[34mdebug[39m(userSelect)[33m;[39m

[31m[2mΓÄ»ΓÄ»ΓÄ»ΓÄ»ΓÄ»ΓÄ»ΓÄ»ΓÄ»ΓÄ»ΓÄ»ΓÄ»
ΓÄ»ΓÄ»ΓÄ»ΓÄ»ΓÄ»ΓÄ»ΓÄ»ΓÄ»ΓÄ»ΓÄ»ΓÄ»ΓÄ»ΓÄ»[3/
3]ΓÄ»[22m[39m

